// Jest Snapshot v1, https://goo.gl/fbAQLP

exports[`should render ExpenseListItem correctly 1`] = `
<Link
  className="list-item"
  to="/edit/2"
>
  <div>
    <h3
      className="list-item__title"
    >
      Rent
    </h3>
    <span
      className="list-item_sub-title"
    >
      January 3rd 1970
    </span>
  </div>
  <h3
    className="list-item__data"
  >
    â‚¬
    500
  </h3>
</Link>
`;
