// Jest Snapshot v1, https://goo.gl/fbAQLP

exports[`should render Expense List with empty message 1`] = `
<div>
  <p>
    No Expenses
  </p>
</div>
`;

exports[`should render Expense List with expenses 1`] = `
<div>
  <ExpenseListItem
    amount={0.5}
    createdAt={0}
    description="Gum"
    id="1"
    key="1"
    note=""
  />
  <ExpenseListItem
    amount={500}
    createdAt={172800000}
    description="Rent"
    id="2"
    key="2"
    note=""
  />
  <ExpenseListItem
    amount={400}
    createdAt={345600000}
    description="Credit card"
    id="3"
    key="3"
    note=""
  />
</div>
`;
